           default   rel
           global    umber_main#HelloWorld
           global    HelloWorld.#binding.1
           global    string.337107678:weak
           extern    Std.Prelude.print

           section   .text

umber_main#HelloWorld:
           sub       rsp, 8
           mov       rax, string.337107678
           call      Std.Prelude.print wrt ..plt
           mov       r9, rax
           mov       qword [HelloWorld.#binding.1], r9
           add       rsp, 8
           ret       

           section   .rodata
           sectalign 8
string.337107678:
           dw        32772
           dw        2
           dd        0
           db        `Hello world!\x0\x0\x0\x3`

           section   .bss
           sectalign 8
HelloWorld.#binding.1:
           resq      1

