           default   rel
           global    umber_main#OpSectionRight
           global    OpSectionRight.~__~#114261348
           global    OpSectionRight.#fun.1
           global    OpSectionRight.#binding.1
           global    string.901559560:weak
           global    int.5:weak
           global    string.51739196:weak
           global    int.6:weak
           extern    Std.Prelude.Operators.__#506761450
           extern    Std.Prelude.print_int
           extern    Std.Prelude.Operators.__#1049114386
           extern    umber_gc_alloc
           extern    Std.Prelude.print

           section   .text

umber_main#OpSectionRight:
           push      rbp
           mov       rbp, rsp
           sub       rsp, 16
           mov       rax, string.901559560
           call      Std.Prelude.print wrt ..plt
           mov       rbx, int.5
           call      Std.Prelude.Operators.__#506761450 wrt ..plt
           mov       r13, rax
           mov       rdi, 24
           call      umber_gc_alloc wrt ..plt
           mov       qword [rbp - 8], rax
           mov       r9, qword [rbp - 8]
           mov       word [r9], 12289
           mov       r9, qword [rbp - 8]
           mov       word [r9 + 2], 2
           mov       r9, qword [rbp - 8]
           mov       qword [r9 + 8], OpSectionRight.#fun.1
           mov       r9, qword [rbp - 8]
           mov       qword [r9 + 16], r13
           mov       rax, string.51739196
           call      Std.Prelude.print wrt ..plt
           mov       qword [rbp - 16], rax
           mov       rax, qword [rbp - 8]
           mov       rbx, int.6
           mov       r9, qword [rbp - 8]
           call      qword [r9 + 8]
           mov       rbx, rax
           mov       rax, qword [rbp - 16]
           call      Std.Prelude.Operators.__#506761450 wrt ..plt
           mov       r9, rax
           mov       qword [OpSectionRight.#binding.1], r9
           add       rsp, 16
           pop       rbp
           ret       

OpSectionRight.~__~#114261348:
           push      rbp
           mov       rbp, rsp
           call      Std.Prelude.Operators.__#1049114386 wrt ..plt
           call      Std.Prelude.print_int wrt ..plt
           pop       rbp
           ret       

OpSectionRight.#fun.1:
           push      rbp
           mov       rbp, rsp
           mov       r9, rbx
           mov       rbx, qword [rax + 16]
           mov       rax, r9
           call      OpSectionRight.~__~#114261348
           pop       rbp
           ret       

           section   .rodata
           sectalign 8
string.901559560:
           dw        32772
           dw        1
           dd        0
           db        `arg\x0\x0\x0\x0\x4`
int.5:
           dw        32769
           dw        1
           dd        0
           dq        5
string.51739196:
           dw        32772
           dw        1
           dd        0
           db        `between\x0`
int.6:
           dw        32769
           dw        1
           dd        0
           dq        6

           section   .bss
           sectalign 8
OpSectionRight.#binding.1:
           resq      1

