           default   rel
           global    umber_main#SelfReferentialImport
           global    SelfReferentialImport.goose
           global    SelfReferentialImport.#binding.1
           global    string.850259642:weak
           extern    Std.Prelude.print

           section   .text

umber_main#SelfReferentialImport:
           push      rbp
           mov       rbp, rsp
           mov       rax, 1
           call      SelfReferentialImport.goose
           mov       r9, rax
           mov       qword [SelfReferentialImport.#binding.1], r9
           pop       rbp
           ret       

SelfReferentialImport.goose:
           push      rbp
           mov       rbp, rsp
           mov       rax, string.850259642
           call      Std.Prelude.print wrt ..plt
           pop       rbp
           ret       

           section   .rodata
           sectalign 8
string.850259642:
           dw        32772
           dw        1
           dd        0
           db        `Honk!\x0\x0\x2`

           section   .bss
           sectalign 8
SelfReferentialImport.#binding.1:
           resq      1

