; ModuleID = 'ExternInt.um'
source_filename = "ExternInt.um"
target datalayout = "i32:64-i64:64-p:64:64-f64:64"

%umber_block = type { %umber_header, [0 x i64] }
%umber_header = type { i16, i16, i32 }

define void @main() {
entry:
  ret void
}

declare %umber_block* @"%int_add"(%umber_block*, %umber_block*)
