; ModuleID = 'examples/ModuleSig.um'
source_filename = "examples/ModuleSig.um"
target datalayout = "i32:64-i64:64-p:64:64-f64:64"

%umber_block = type { %umber_header, [0 x i64] }
%umber_header = type { i16, i16, i32 }
%umber_block1 = type { %umber_header, [1 x i64] }
%umber_block8b = type { %umber_header, [8 x i8] }

@ModuleSig.my_range = global %umber_block* null
@ModuleSig.is_10_in_range = global %umber_block* null
@"ModuleSig.#binding.1" = global %umber_block* null
@int.1 = linkonce_odr constant %umber_block1 { %umber_header { i16 -32767, i16 1, i32 0 }, [1 x i64] [i64 1] }
@int.10 = linkonce_odr constant %umber_block1 { %umber_header { i16 -32767, i16 1, i32 0 }, [1 x i64] [i64 10] }
@string.0 = linkonce_odr constant %umber_block8b { %umber_header { i16 -32764, i16 1, i32 0 }, [8 x i8] c"\00\00\00\00\00\00\00\07" }

define i32 @"umber_main:ModuleSig"() {
entry:
  %fun_call = tail call tailcc %umber_block* @ModuleSig.Range.between(%umber_block* bitcast (%umber_block1* @int.1 to %umber_block*), %umber_block* bitcast (%umber_block1* @int.10 to %umber_block*))
  store %umber_block* %fun_call, %umber_block** @ModuleSig.my_range, align 8
  %ModuleSig.my_range = load %umber_block*, %umber_block** @ModuleSig.my_range, align 8
  %fun_call1 = tail call tailcc %umber_block* @ModuleSig.Range.elem(%umber_block* bitcast (%umber_block1* @int.10 to %umber_block*), %umber_block* %ModuleSig.my_range)
  store %umber_block* %fun_call1, %umber_block** @ModuleSig.is_10_in_range, align 8
  %ModuleSig.is_10_in_range = load %umber_block*, %umber_block** @ModuleSig.is_10_in_range, align 8
  %fun_call2 = tail call tailcc %umber_block* @Std.Prelude.print_bool(%umber_block* %ModuleSig.is_10_in_range)
  %fun_call3 = tail call tailcc %umber_block* @Std.Prelude.print(%umber_block* bitcast (%umber_block8b* @string.0 to %umber_block*))
  %fun_call4 = tail call tailcc %umber_block* @"Std.Prelude.Operators.;"(%umber_block* %fun_call2, %umber_block* %fun_call3)
  store %umber_block* %fun_call4, %umber_block** @"ModuleSig.#binding.1", align 8
  ret i32 0
}

define tailcc %umber_block* @ModuleSig.Range.between(%umber_block* %ModuleSig.Range.lo.1, %umber_block* %ModuleSig.Range.hi.1) {
entry:
  %box = call i64* @umber_gc_alloc(i64 24)
  %box1 = bitcast i64* %box to i16*
  store i16 0, i16* %box1, align 2
  %box2 = getelementptr i16, i16* %box1, i32 1
  store i16 2, i16* %box2, align 2
  %box3 = bitcast i64* %box to %umber_block**
  %box4 = getelementptr %umber_block*, %umber_block** %box3, i32 1
  store %umber_block* %ModuleSig.Range.lo.1, %umber_block** %box4, align 8
  %box5 = getelementptr %umber_block*, %umber_block** %box3, i32 2
  store %umber_block* %ModuleSig.Range.hi.1, %umber_block** %box5, align 8
  %box6 = bitcast %umber_block** %box3 to %umber_block*
  ret %umber_block* %box6
}

declare tailcc %umber_block* @"Std.Prelude.Operators.&&"(%umber_block*, %umber_block*)

declare tailcc %umber_block* @"Std.Prelude.Operators.<="(%umber_block*, %umber_block*)

define tailcc %umber_block* @ModuleSig.Range.elem(%umber_block* %ModuleSig.Range.x.1, %umber_block* %"ModuleSig.Range.#lambda_arg.1") {
entry:
  %block_field_gep = getelementptr %umber_block, %umber_block* %"ModuleSig.Range.#lambda_arg.1", i32 0, i32 1, i32 0
  %block_field_raw = load i64, i64* %block_field_gep, align 8
  %block_field = inttoptr i64 %block_field_raw to %umber_block*
  %block_field_gep1 = getelementptr %umber_block, %umber_block* %"ModuleSig.Range.#lambda_arg.1", i32 0, i32 1, i32 1
  %block_field_raw2 = load i64, i64* %block_field_gep1, align 8
  %block_field3 = inttoptr i64 %block_field_raw2 to %umber_block*
  %fun_call = tail call tailcc %umber_block* @"Std.Prelude.Operators.<="(%umber_block* %block_field, %umber_block* %ModuleSig.Range.x.1)
  %fun_call4 = tail call tailcc %umber_block* @"Std.Prelude.Operators.<="(%umber_block* %ModuleSig.Range.x.1, %umber_block* %block_field3)
  %fun_call5 = tail call tailcc %umber_block* @"Std.Prelude.Operators.&&"(%umber_block* %fun_call, %umber_block* %fun_call4)
  ret %umber_block* %fun_call5
}

declare tailcc %umber_block* @"Std.Prelude.Operators.;"(%umber_block*, %umber_block*)

declare tailcc %umber_block* @Std.Prelude.print_bool(%umber_block*)

declare tailcc %umber_block* @Std.Prelude.print(%umber_block*)

define tailcc %umber_block* @"ModuleSig.Range...="(%umber_block* %"ModuleSig.Range.#arg0.1", %umber_block* %"ModuleSig.Range.#arg1.1") {
entry:
  %fun_call = tail call tailcc %umber_block* @ModuleSig.Range.between(%umber_block* %"ModuleSig.Range.#arg0.1", %umber_block* %"ModuleSig.Range.#arg1.1")
  ret %umber_block* %fun_call
}

declare i64* @umber_gc_alloc(i64)

define linkonce_odr %umber_block* @umber_apply2(%umber_block* %0, %umber_block* %1, %umber_block* %2) {
entry:
  %is_on_heap = call i1 @umber_gc_is_on_heap(%umber_block* %0)
  br i1 %is_on_heap, label %closure_call, label %regular_call

closure_call:                                     ; preds = %entry
  %closure_gep = getelementptr %umber_block, %umber_block* %0, i32 0, i32 1, i32 0
  %closure_gep_raw = load i64, i64* %closure_gep, align 8
  %closure_fun = inttoptr i64 %closure_gep_raw to %umber_block* (%umber_block*, %umber_block*, %umber_block*)*
  %closure_call1 = tail call tailcc %umber_block* %closure_fun(%umber_block* %0, %umber_block* %1, %umber_block* %2)
  br label %call_phi

regular_call:                                     ; preds = %entry
  %calling_fun = bitcast %umber_block* %0 to %umber_block* (%umber_block*, %umber_block*)*
  %regular_call2 = tail call tailcc %umber_block* %calling_fun(%umber_block* %1, %umber_block* %2)
  br label %call_phi

call_phi:                                         ; preds = %regular_call, %closure_call
  %call_phi3 = phi %umber_block* [ %closure_call1, %closure_call ], [ %regular_call2, %regular_call ]
  ret %umber_block* %call_phi3
}

declare i1 @umber_gc_is_on_heap(%umber_block*)

