LET
L_PAREN
L_PAREN
(LOWER_NAME one)
COMMA
(LOWER_NAME two)
R_PAREN
AS
(LOWER_NAME pair)
R_PAREN
EQUALS
L_PAREN
(INT 1)
COMMA
(INT 2)
R_PAREN
LET
(LOWER_NAME iter_pairs)
(LOWER_NAME f)
(LOWER_NAME lst)
EQUALS
MATCH
(LOWER_NAME lst)
PIPE
(UPPER_NAME Nil)
PIPE
(UPPER_NAME Cons)
UNDERSCORE
(UPPER_NAME Nil)
ARROW
L_PAREN
R_PAREN
PIPE
(UPPER_NAME Cons)
(LOWER_NAME a)
L_PAREN
(UPPER_NAME Cons)
(LOWER_NAME b)
L_PAREN
UNDERSCORE
AS
(LOWER_NAME rest)
R_PAREN
R_PAREN
ARROW
(LOWER_NAME f)
(LOWER_NAME a)
(LOWER_NAME b)
(OPERATOR ";")
(LOWER_NAME iter_pairs)
(LOWER_NAME f)
L_PAREN
(LOWER_NAME b)
(OPERATOR ::)
(LOWER_NAME rest)
R_PAREN
EOF
