LET
(LOWER_NAME false)
EQUALS
(UPPER_NAME False)
LET
(LOWER_NAME true)
EQUALS
(UPPER_NAME True)
LET
UNDERSCORE
EQUALS
IF
(LOWER_NAME false)
THEN
(FLOAT 1)
ELSE
(FLOAT 2.5)
TYPE
(UPPER_NAME Bottom)
EQUALS
PIPE
TYPE
(UPPER_NAME Color)
EQUALS
PIPE
(UPPER_NAME Red)
PIPE
(UPPER_NAME Blue)
TYPE
(UPPER_NAME ExpandedColor)
EQUALS
PIPE
(UPPER_NAME Green)
PIPE
(UPPER_NAME Yellow)
PIPE
(UPPER_NAME Purple)
TYPE
(UPPER_NAME GeneralColor)
EQUALS
PIPE
(UPPER_NAME Regular)
(UPPER_NAME Color)
PIPE
(UPPER_NAME Expanded)
(UPPER_NAME ExpandedColor)
TYPE
(UPPER_NAME Point3)
EQUALS
PIPE
(UPPER_NAME Point3)
(UPPER_NAME Int)
(UPPER_NAME Int)
(UPPER_NAME Int)
LET
(LOWER_NAME xyz)
EQUALS
(UPPER_NAME Point3)
(INT 1)
(INT 2)
(INT 3)
EOF
