LET
(LOWER_NAME false)
EQUALS
(UPPER_NAME False)
LINE_SEP
LET
(LOWER_NAME true)
EQUALS
(UPPER_NAME True)
LINE_SEP
LET
UNDERSCORE
EQUALS
IF
(LOWER_NAME false)
THEN
(FLOAT 1)
ELSE
(FLOAT 2.5)
LINE_SEP
TYPE
(UPPER_NAME Bottom)
EQUALS
PIPE
LINE_SEP
TYPE
(UPPER_NAME Color)
EQUALS
(UPPER_NAME Red)
PIPE
(UPPER_NAME Blue)
LINE_SEP
TYPE
(UPPER_NAME ExpandedColor)
EQUALS
(UPPER_NAME Green)
PIPE
(UPPER_NAME Yellow)
PIPE
(UPPER_NAME Purple)
LINE_SEP
TYPE
(UPPER_NAME GeneralColor)
EQUALS
INDENT
PIPE
(UPPER_NAME Regular)
(UPPER_NAME Color)
LINE_SEP
PIPE
(UPPER_NAME Expanded)
(UPPER_NAME ExpandedColor)
DEDENT
TYPE
(UPPER_NAME Point3)
EQUALS
(UPPER_NAME Point3)
(UPPER_NAME Int)
(UPPER_NAME Int)
(UPPER_NAME Int)
LINE_SEP
LET
(LOWER_NAME xyz)
EQUALS
(UPPER_NAME Point3)
(INT 1)
(INT 2)
(INT 3)
EOF
