LET_REC
(LOWER_NAME fact)
EQUALS
MATCH
INDENT
PIPE
(INT 0)
PIPE
(INT 1)
ARROW
(INT 1)
LINE_SEP
PIPE
(LOWER_NAME n)
ARROW
(LOWER_NAME n)
ASTERISK
(LOWER_NAME fact)
L_PAREN
(LOWER_NAME n)
(OPERATOR -)
(INT 1)
R_PAREN
DEDENT
LET_REC
(LOWER_NAME fib)
(LOWER_NAME n)
EQUALS
INDENT
MATCH
(LOWER_NAME n)
INDENT
PIPE
(INT 0)
PIPE
(INT 1)
ARROW
(INT 1)
LINE_SEP
PIPE
(LOWER_NAME n)
ARROW
(LOWER_NAME fib)
L_PAREN
(LOWER_NAME n)
(OPERATOR -)
(INT 1)
R_PAREN
(OPERATOR +)
(LOWER_NAME fib)
L_PAREN
(LOWER_NAME n)
(OPERATOR -)
(INT 2)
R_PAREN
DEDENT
DEDENT
EOF
