MODULE
(UPPER_NAME A)
EQUALS
L_BRACE
TYPE
(UPPER_NAME Foo)
EQUALS
PIPE
(UPPER_NAME Foo)
R_BRACE
MODULE
(UPPER_NAME B)
EQUALS
L_BRACE
TYPE
(UPPER_NAME Foo)
EQUALS
PIPE
(UPPER_NAME Foo)
LET
(LOWER_NAME of_a)
EQUALS
MATCH
PIPE
(UPPER_NAME A)
PERIOD
(UPPER_NAME Foo)
ARROW
(UPPER_NAME Foo)
R_BRACE
MODULE
(UPPER_NAME Wrap)
EQUALS
L_BRACE
TYPE
(UPPER_NAME Wrap)
(LOWER_NAME a)
EQUALS
PIPE
(UPPER_NAME Wrap)
(LOWER_NAME a)
LET
(LOWER_NAME my_id)
(LOWER_NAME x)
EQUALS
LET_NONREC
L_PAREN
(UPPER_NAME Wrap)
(LOWER_NAME y)
R_PAREN
EQUALS
(LOWER_NAME x)
IN
(UPPER_NAME Wrap)
(LOWER_NAME y)
R_BRACE
EOF
