EFFECT
(UPPER_NAME Read)
EQUALS
L_BRACE
VAL
(LOWER_NAME ask)
COLON_SPACED
L_PAREN
R_PAREN
FAT_ARROW
L_PAREN
R_PAREN
ARROW
(UPPER_NAME Int)
R_BRACE
VAL
(LOWER_NAME read)
COLON_SPACED
L_PAREN
R_PAREN
FAT_ARROW
L_PAREN
R_PAREN
ARROW
LESS_THAN
(UPPER_NAME Read)
GREATER_THAN
(UPPER_NAME Int)
LET
(LOWER_NAME read)
EQUALS
(LOWER_NAME ask)
LET
(LOWER_NAME read_and_add)
L_PAREN
R_PAREN
EQUALS
(LOWER_NAME ask)
L_PAREN
R_PAREN
(OPERATOR +)
(LOWER_NAME ask)
L_PAREN
R_PAREN
LET
(LOWER_NAME run_both)
(LOWER_NAME f)
(LOWER_NAME g)
(LOWER_NAME x)
EQUALS
L_PAREN
(LOWER_NAME f)
(LOWER_NAME x)
COMMA
(LOWER_NAME g)
(LOWER_NAME x)
R_PAREN
LET
(LOWER_NAME foo)
L_PAREN
R_PAREN
EQUALS
(LOWER_NAME run_both)
L_PAREN
BACKSLASH
(LOWER_NAME x)
ARROW
(LOWER_NAME x)
(OPERATOR +)
(LOWER_NAME read_and_add)
L_PAREN
R_PAREN
R_PAREN
(LOWER_NAME print_int)
(INT 5)
EOF
