VAL
(LOWER_NAME map)
COLON_SPACED
(UPPER_NAME List)
(LOWER_NAME a)
COMMA
L_PAREN
(LOWER_NAME a)
ARROW
(LOWER_NAME a)
R_PAREN
ARROW
(UPPER_NAME List)
(LOWER_NAME b)
LET
(LOWER_NAME map)
(LOWER_NAME xs)
(LOWER_NAME f)
EQUALS
MATCH
(LOWER_NAME xs)
PIPE
(UPPER_NAME Nil)
ARROW
(UPPER_NAME Nil)
PIPE
(UPPER_NAME Cons)
(LOWER_NAME x)
(LOWER_NAME xs)
ARROW
(UPPER_NAME Cons)
L_PAREN
(LOWER_NAME f)
(LOWER_NAME x)
R_PAREN
L_PAREN
(LOWER_NAME map)
(LOWER_NAME xs)
(LOWER_NAME f)
R_PAREN
EOF
