FILE_MODULE
L_BRACE
VAL
(LOWER_NAME id)
COLON_SPACED
(LOWER_NAME b)
ARROW
(LOWER_NAME b)
TYPE
(UPPER_NAME Foo)
(LOWER_NAME a)
(LOWER_NAME b)
EQUALS
PIPE
(UPPER_NAME Bar)
(LOWER_NAME a)
PIPE
(UPPER_NAME Baz)
(LOWER_NAME b)
TYPE
(UPPER_NAME Tuple)
(LOWER_NAME a)
(LOWER_NAME b)
EQUALS
L_PAREN
(LOWER_NAME a)
COMMA
(LOWER_NAME b)
R_PAREN
VAL
(LOWER_NAME plus_one)
COLON_SPACED
(LOWER_NAME a)
ARROW
(LOWER_NAME a)
VAL
(LOWER_NAME plus_one')
COLON_SPACED
(UPPER_NAME Int)
ARROW
(UPPER_NAME Int)
VAL
(LOWER_NAME double)
COLON_SPACED
(UPPER_NAME String)
ARROW
(UPPER_NAME String)
VAL
(LOWER_NAME double')
COLON_SPACED
(UPPER_NAME String)
ARROW
(UPPER_NAME String)
MODULE
(UPPER_NAME A)
COLON_SPACED
L_BRACE
TYPE
(UPPER_NAME Number)
EQUALS
PIPE
(UPPER_NAME Int)
(UPPER_NAME Int)
PIPE
(UPPER_NAME Float)
(UPPER_NAME Float)
R_BRACE
TYPE
(UPPER_NAME InconsistentVarUse)
(LOWER_NAME a)
(LOWER_NAME b)
EQUALS
PIPE
(UPPER_NAME Foo)
L_PAREN
(LOWER_NAME a)
ARROW
(LOWER_NAME b)
R_PAREN
EFFECT
(UPPER_NAME InconsistentVarUse)
(LOWER_NAME a)
(LOWER_NAME b)
EQUALS
L_BRACE
VAL
(LOWER_NAME yield)
COLON_SPACED
(LOWER_NAME a)
ARROW
(LOWER_NAME b)
R_BRACE
R_BRACE
LET
(LOWER_NAME id)
COLON_SPACED
(LOWER_NAME a)
ARROW
(LOWER_NAME a)
EQUALS
BACKSLASH
(LOWER_NAME x)
ARROW
(LOWER_NAME x)
TYPE
(UPPER_NAME Foo)
(LOWER_NAME b)
(LOWER_NAME a)
EQUALS
PIPE
(UPPER_NAME Bar)
(LOWER_NAME b)
PIPE
(UPPER_NAME Baz)
(LOWER_NAME a)
TYPE
(UPPER_NAME Tuple)
(LOWER_NAME a)
(LOWER_NAME b)
EQUALS
L_PAREN
(LOWER_NAME a)
COMMA
(LOWER_NAME a)
R_PAREN
LET
(LOWER_NAME plus_one)
(LOWER_NAME x)
EQUALS
(LOWER_NAME x)
(OPERATOR +)
(INT 1)
MODULE
(UPPER_NAME A)
COLON_SPACED
L_BRACE
TYPE
(UPPER_NAME Int)
TYPE
(UPPER_NAME Float)
EQUALS
(UPPER_NAME String)
TYPE
(UPPER_NAME Number)
EQUALS
PIPE
(UPPER_NAME Int)
(UPPER_NAME Int)
PIPE
(UPPER_NAME Float)
(UPPER_NAME Float)
VAL
(LOWER_NAME plus_one)
COLON_SPACED
(UPPER_NAME Int)
ARROW
(UPPER_NAME Int)
VAL
(LOWER_NAME double)
COLON_SPACED
(UPPER_NAME Float)
ARROW
(UPPER_NAME Float)
VAL
(LOWER_NAME double_int)
COLON_SPACED
(UPPER_NAME Int)
ARROW
(UPPER_NAME Int)
R_BRACE
EQUALS
L_BRACE
TYPE
(UPPER_NAME Int)
EQUALS
(UPPER_NAME Float)
LET
(LOWER_NAME plus_one)
(LOWER_NAME x)
EQUALS
(LOWER_NAME x)
LET
(LOWER_NAME double)
(LOWER_NAME s)
EQUALS
(LOWER_NAME s)
(OPERATOR ++)
(LOWER_NAME s)
LET
(LOWER_NAME double_int)
EQUALS
(LOWER_NAME double)
R_BRACE
LET
(LOWER_NAME plus_one')
EQUALS
(UPPER_NAME A)
PERIOD
(LOWER_NAME plus_one)
LET
(LOWER_NAME double)
EQUALS
(UPPER_NAME A)
PERIOD
(LOWER_NAME double)
LET
(LOWER_NAME double')
EQUALS
(UPPER_NAME A)
PERIOD
(LOWER_NAME double_int)
TYPE
(UPPER_NAME InconsistentVarUse)
(LOWER_NAME a)
(LOWER_NAME b)
EQUALS
PIPE
(UPPER_NAME Foo)
L_PAREN
(LOWER_NAME b)
ARROW
(LOWER_NAME a)
R_PAREN
EFFECT
(UPPER_NAME InconsistentVarUse)
(LOWER_NAME a)
(LOWER_NAME b)
EQUALS
L_BRACE
VAL
(LOWER_NAME yield)
COLON_SPACED
(LOWER_NAME b)
ARROW
(LOWER_NAME a)
R_BRACE
EOF
