EFFECT
(UPPER_NAME Foo)
EQUALS
L_BRACE
VAL
(LOWER_NAME foo)
COLON_SPACED
L_PAREN
R_PAREN
ARROW
L_PAREN
R_PAREN
R_BRACE
LET
(LOWER_NAME bar)
L_PAREN
R_PAREN
EQUALS
L_PAREN
R_PAREN
LET
UNDERSCORE
EQUALS
HANDLE
(LOWER_NAME foo)
L_PAREN
R_PAREN
PIPE
L_PAREN
R_PAREN
ARROW
(INT 1)
PIPE
LESS_THAN
(LOWER_NAME foo)
L_PAREN
R_PAREN
GREATER_THAN
ARROW
(INT 2)
PIPE
LESS_THAN
(LOWER_NAME bar)
L_PAREN
R_PAREN
GREATER_THAN
ARROW
(INT 3)
EOF
