LET
(LOWER_NAME apply_arg)
(LOWER_NAME f)
EQUALS
(LOWER_NAME f)
(INT 1)
LET
(LOWER_NAME foo)
(LOWER_NAME x)
EQUALS
(LOWER_NAME x)
ASTERISK
(INT 2)
LET
(LOWER_NAME bar)
(LOWER_NAME x)
(LOWER_NAME y)
EQUALS
(LOWER_NAME x)
(OPERATOR +)
(LOWER_NAME y)
LET
UNDERSCORE
EQUALS
(LOWER_NAME apply_arg)
(LOWER_NAME foo)
LET
UNDERSCORE
EQUALS
(LOWER_NAME apply_arg)
(LOWER_NAME bar)
LET
UNDERSCORE
EQUALS
L_PAREN
(LOWER_NAME apply_arg)
(LOWER_NAME bar)
R_PAREN
(INT 7)
EOF
