MODULE
(UPPER_NAME Village)
COLON_SPACED
L_BRACE
TYPE
(UPPER_NAME Goose)
TYPE
(UPPER_NAME Dog)
VAL
(LOWER_NAME honk)
COLON_SPACED
(UPPER_NAME Goose)
ARROW
(UPPER_NAME Goose)
VAL
(LOWER_NAME bark)
COLON_SPACED
(UPPER_NAME Dog)
ARROW
(UPPER_NAME Dog)
R_BRACE
EQUALS
L_BRACE
TYPE
(UPPER_NAME Dog)
EQUALS
PIPE
(UPPER_NAME Corgie)
PIPE
(UPPER_NAME GoldenRetriever)
PIPE
(UPPER_NAME Samoyed)
LET
(LOWER_NAME honk)
(LOWER_NAME goose)
EQUALS
(LOWER_NAME goose)
LET
(LOWER_NAME bark)
(LOWER_NAME dog)
EQUALS
(LOWER_NAME dog)
(OPERATOR ++)
(STRING " says woof!")
R_BRACE
EOF
