FILE_MODULE
L_BRACE
EFFECT
(UPPER_NAME BadVars)
(LOWER_NAME a)
(LOWER_NAME b)
EQUALS
L_BRACE
VAL
(LOWER_NAME foo)
COLON_SPACED
(LOWER_NAME a)
ARROW
(LOWER_NAME b)
R_BRACE
R_BRACE
EFFECT
(UPPER_NAME BadVars)
(LOWER_NAME a)
(LOWER_NAME b)
EQUALS
L_BRACE
VAL
(LOWER_NAME foo)
COLON_SPACED
(LOWER_NAME b)
ARROW
(LOWER_NAME a)
R_BRACE
EOF
