FILE_MODULE
L_BRACE
TYPE
(UPPER_NAME T)
EQUALS
(UPPER_NAME Int)
TYPE
(UPPER_NAME Weather)
EQUALS
PIPE
(UPPER_NAME Rainy)
PIPE
(UPPER_NAME Sunny)
VAL
(LOWER_NAME missing_function)
COLON_SPACED
(UPPER_NAME T)
ARROW
(UPPER_NAME T)
MODULE
(UPPER_NAME JustTypes)
COLON_SPACED
L_BRACE
TYPE
(UPPER_NAME S)
R_BRACE
MODULE
(UPPER_NAME MissingModule)
COLON_SPACED
L_BRACE
VAL
(LOWER_NAME missing)
COLON_SPACED
(UPPER_NAME T)
R_BRACE
MODULE
(UPPER_NAME A)
COLON_SPACED
L_BRACE
TYPE
(UPPER_NAME A)
EQUALS
PIPE
(UPPER_NAME A1)
PIPE
(UPPER_NAME A2)
VAL
(LOWER_NAME a)
COLON_SPACED
(UPPER_NAME A)
R_BRACE
TYPE
(UPPER_NAME GoodRename)
(LOWER_NAME a)
EQUALS
(LOWER_NAME a)
ARROW
(LOWER_NAME a)
TYPE
(UPPER_NAME BadRename)
(LOWER_NAME a)
(LOWER_NAME b)
EQUALS
(LOWER_NAME a)
ARROW
(LOWER_NAME b)
TYPE
(UPPER_NAME DifferentArity)
(LOWER_NAME a)
TYPE
(UPPER_NAME LessGeneral)
(LOWER_NAME a)
EQUALS
(UPPER_NAME Int)
ARROW
(UPPER_NAME Int)
TYPE
(UPPER_NAME MoreGeneral)
(LOWER_NAME a)
EQUALS
(LOWER_NAME a)
ARROW
(LOWER_NAME a)
R_BRACE
TYPE
(UPPER_NAME T)
EQUALS
(UPPER_NAME String)
TYPE
(UPPER_NAME Weather)
EQUALS
PIPE
(UPPER_NAME Rainy)
MODULE
(UPPER_NAME A)
EQUALS
L_BRACE
TYPE
(UPPER_NAME A)
EQUALS
PIPE
(UPPER_NAME A1)
PIPE
(UPPER_NAME A2)
LET
(LOWER_NAME a)
EQUALS
(STRING "not a")
R_BRACE
TYPE
(UPPER_NAME GoodRename)
(LOWER_NAME b)
EQUALS
(LOWER_NAME b)
ARROW
(LOWER_NAME b)
TYPE
(UPPER_NAME BadRename)
(LOWER_NAME a)
(LOWER_NAME b)
EQUALS
(LOWER_NAME a)
ARROW
(LOWER_NAME a)
TYPE
(UPPER_NAME DifferentArity)
EQUALS
(UPPER_NAME String)
TYPE
(UPPER_NAME LessGeneral)
(LOWER_NAME a)
EQUALS
(LOWER_NAME a)
ARROW
(LOWER_NAME a)
TYPE
(UPPER_NAME MoreGeneral)
(LOWER_NAME a)
EQUALS
(UPPER_NAME Int)
ARROW
(UPPER_NAME Int)
EOF
