EFFECT
(UPPER_NAME Yield)
(LOWER_NAME a)
EQUALS
L_BRACE
VAL
(LOWER_NAME yield)
COLON_SPACED
(LOWER_NAME a)
ARROW
L_PAREN
R_PAREN
R_BRACE
TYPE
(UPPER_NAME Iter)
(LOWER_NAME a)
EQUALS
L_PAREN
R_PAREN
ARROW
LESS_THAN
(UPPER_NAME Yield)
(LOWER_NAME a)
GREATER_THAN
L_PAREN
R_PAREN
LET
(LOWER_NAME repeat)
(LOWER_NAME x)
EQUALS
(LOWER_NAME yield)
(LOWER_NAME x)
(OPERATOR ";")
(LOWER_NAME repeat)
(LOWER_NAME x)
EOF
