LET
(LOWER_NAME foo)
COLON_SPACED
L_PAREN
L_PAREN
R_PAREN
ARROW
LESS_THAN
(LOWER_NAME a)
GREATER_THAN
(LOWER_NAME a)
R_PAREN
ARROW
L_PAREN
R_PAREN
EQUALS
BACKSLASH
UNDERSCORE
ARROW
L_PAREN
R_PAREN
EFFECT
(UPPER_NAME Effect)
EQUALS
L_BRACE
VAL
(LOWER_NAME operation)
COLON_SPACED
L_PAREN
R_PAREN
ARROW
L_PAREN
R_PAREN
R_BRACE
LET
L_PAREN
R_PAREN
EQUALS
(LOWER_NAME foo)
L_PAREN
BACKSLASH
L_PAREN
R_PAREN
ARROW
L_PAREN
R_PAREN
R_PAREN
EOF
