MODULE
(UPPER_NAME A)
COLON
INDENT
VAL
(LOWER_NAME foo)
COLON_SPACED
(UPPER_NAME Int)
EQUALS_ONLY_LINE
LET
(LOWER_NAME foo)
EQUALS
(INT 5)
LINE_SEP
MODULE
(UPPER_NAME B)
COLON
INDENT
MODULE
(UPPER_NAME C)
COLON
INDENT
TRAIT
(UPPER_NAME D)
(LOWER_NAME d)
COLON
INDENT
VAL
(LOWER_NAME d)
COLON_SPACED
(LOWER_NAME d)
ARROW
(UPPER_NAME Nat)
DEDENT
DEDENT
MODULE
(UPPER_NAME D)
COLON
INDENT
VAL
(LOWER_NAME wow)
COLON_SPACED
(LOWER_NAME a)
ARROW
(LOWER_NAME a)
DEDENT
EQUALS_ONLY_LINE
MODULE
(UPPER_NAME D)
EQUALS
LET
(LOWER_NAME wow)
(LOWER_NAME x)
EQUALS
(LOWER_NAME x)
LINE_SEP
TYPE
(UPPER_NAME Bacon)
EQUALS
(UPPER_NAME Delicious)
DEDENT
DEDENT
LET
L_PAREN
R_PAREN
EQUALS
MATCH
(UPPER_NAME A)
PERIOD
(UPPER_NAME B)
PERIOD
(UPPER_NAME Delicious)
PIPE
(UPPER_NAME A)
PERIOD
(UPPER_NAME B)
PERIOD
(UPPER_NAME Delicious)
ARROW
L_PAREN
R_PAREN
LINE_SEP
LET
UNDERSCORE
EQUALS
MATCH
(UPPER_NAME A)
PERIOD
(UPPER_NAME B)
PERIOD
(UPPER_NAME Delicious)
PIPE
(UPPER_NAME Delicious)
ARROW
(UPPER_NAME True)
LINE_SEP
LET
UNDERSCORE
EQUALS
MATCH
(UPPER_NAME Delicious)
COLON_SPACED
(UPPER_NAME A)
PERIOD
(UPPER_NAME B)
PERIOD
(UPPER_NAME Bacon)
PIPE
(UPPER_NAME Delicious)
ARROW
(STRING yep)
EOF
