FILE_MODULE
L_BRACE
EFFECT
(UPPER_NAME Abstract)
VAL
(LOWER_NAME more_effects_in_sig)
COLON_SPACED
(UPPER_NAME Int)
ARROW
LESS_THAN
(UPPER_NAME Abstract)
GREATER_THAN
(UPPER_NAME Int)
VAL
(LOWER_NAME equivalent_with_different_vars)
COLON_SPACED
L_PAREN
R_PAREN
FAT_ARROW
L_PAREN
L_PAREN
R_PAREN
ARROW
LESS_THAN
(LOWER_NAME e1)
GREATER_THAN
L_PAREN
R_PAREN
R_PAREN
COMMA
L_PAREN
L_PAREN
R_PAREN
ARROW
LESS_THAN
(LOWER_NAME e2)
GREATER_THAN
L_PAREN
R_PAREN
R_PAREN
ARROW
LESS_THAN
(LOWER_NAME e1)
COMMA
(LOWER_NAME e2)
GREATER_THAN
L_PAREN
R_PAREN
R_BRACE
LET
(LOWER_NAME more_effects_in_sig)
(LOWER_NAME x)
EQUALS
(LOWER_NAME x)
VAL
(LOWER_NAME equivalent_with_different_vars)
COLON_SPACED
L_PAREN
R_PAREN
FAT_ARROW
L_PAREN
L_PAREN
R_PAREN
ARROW
LESS_THAN
(LOWER_NAME e)
GREATER_THAN
L_PAREN
R_PAREN
R_PAREN
COMMA
L_PAREN
L_PAREN
R_PAREN
ARROW
LESS_THAN
(LOWER_NAME e)
GREATER_THAN
L_PAREN
R_PAREN
R_PAREN
ARROW
LESS_THAN
(LOWER_NAME e)
GREATER_THAN
L_PAREN
R_PAREN
LET
(LOWER_NAME equivalent_with_different_vars)
(LOWER_NAME f)
(LOWER_NAME g)
EQUALS
(LOWER_NAME f)
L_PAREN
R_PAREN
(OPERATOR ";")
(LOWER_NAME g)
L_PAREN
R_PAREN
EOF
