FILE_MODULE
INDENT
VAL
L_PAREN
(OPERATOR ==)
R_PAREN
L_PAREN
INFIX
(INT 4)
R_PAREN
COLON_SPACED
(LOWER_NAME a)
ARROW
(LOWER_NAME a)
ARROW
(UPPER_NAME Bool)
LINE_SEP
MODULE
(UPPER_NAME Arith)
COLON
INDENT
VAL
L_PAREN
(OPERATOR +)
R_PAREN
L_PAREN
INFIXL
(INT 6)
R_PAREN
COLON_SPACED
(UPPER_NAME Int)
ARROW
(UPPER_NAME Int)
ARROW
(UPPER_NAME Int)
LINE_SEP
VAL
(LOWER_NAME mod)
L_PAREN
INFIXL
(INT 7)
R_PAREN
COLON_SPACED
(UPPER_NAME Int)
ARROW
(UPPER_NAME Int)
ARROW
(UPPER_NAME Int)
DEDENT
VAL
L_PAREN
(OPERATOR ::)
R_PAREN
L_PAREN
INFIXR
(INT 5)
R_PAREN
COLON_SPACED
(LOWER_NAME a)
ARROW
(UPPER_NAME List)
(LOWER_NAME a)
ARROW
(UPPER_NAME List)
(LOWER_NAME a)
LINE_SEP
VAL
L_PAREN
(OPERATOR "\195\151")
R_PAREN
COLON_SPACED
(UPPER_NAME List)
(LOWER_NAME a)
ARROW
(UPPER_NAME List)
(LOWER_NAME b)
ARROW
(UPPER_NAME List)
L_PAREN
(LOWER_NAME a)
COMMA
(LOWER_NAME b)
R_PAREN
DEDENT
LET
UNDERSCORE
EQUALS
(UPPER_NAME Arith)
PERIOD
L_PAREN
(INT 2)
(OPERATOR +)
(INT 11)
COLON
(LOWER_NAME mod)
COLON_SPACED
(INT 3)
(OPERATOR ==)
(INT 4)
R_PAREN
LINE_SEP
LET
(LOWER_NAME four)
EQUALS
(UPPER_NAME Arith)
PERIOD
L_PAREN
(OPERATOR +)
R_PAREN
(INT 2)
(INT 2)
LINE_SEP
LET
(LOWER_NAME one)
EQUALS
(INT 5)
COLON
(UPPER_NAME Arith)
PERIOD
(LOWER_NAME mod)
COLON_SPACED
(INT 2)
LINE_SEP
LET
(LOWER_NAME left_section)
EQUALS
L_PAREN
(INT 2)
(OPERATOR +)
R_PAREN
LINE_SEP
LET
(LOWER_NAME right_section)
EQUALS
L_PAREN
ASTERISK
(INT 5)
R_PAREN
LINE_SEP
LET
(LOWER_NAME unicode_my_dudes)
EQUALS
L_BRACKET
(STRING damn)
COMMA
(STRING ok)
R_BRACKET
(OPERATOR "\195\151")
L_BRACKET
(STRING cartesian)
COMMA
(STRING product)
COMMA
(STRING maybe?)
R_BRACKET
EOF
