FILE_MODULE
L_BRACE
IMPORT
(UPPER_NAME Std)
PERIOD
(UPPER_NAME Prelude)
PERIOD
(UPPER_NAME List)
VAL
L_PAREN
(OPERATOR ==)
R_PAREN
INFIX
(INT 4)
COLON_SPACED
(LOWER_NAME a)
COMMA
(LOWER_NAME a)
ARROW
(UPPER_NAME Bool)
MODULE
(UPPER_NAME Arith)
COLON_SPACED
L_BRACE
VAL
L_PAREN
(OPERATOR +)
R_PAREN
INFIXL
(INT 6)
COLON_SPACED
(UPPER_NAME Int)
COMMA
(UPPER_NAME Int)
ARROW
(UPPER_NAME Int)
VAL
(LOWER_NAME mod)
INFIXL
(INT 7)
COLON_SPACED
(UPPER_NAME Int)
COMMA
(UPPER_NAME Int)
ARROW
(UPPER_NAME Int)
R_BRACE
VAL
L_PAREN
(OPERATOR ::)
R_PAREN
INFIXR
(INT 5)
COLON_SPACED
(LOWER_NAME a)
COMMA
(UPPER_NAME List)
(LOWER_NAME a)
ARROW
(UPPER_NAME List)
(LOWER_NAME a)
VAL
L_PAREN
(OPERATOR "\195\151")
R_PAREN
COLON_SPACED
(UPPER_NAME List)
(LOWER_NAME a)
COMMA
(UPPER_NAME List)
(LOWER_NAME b)
ARROW
(UPPER_NAME List)
L_PAREN
(LOWER_NAME a)
COMMA
(LOWER_NAME b)
R_PAREN
VAL
L_PAREN
(OPERATOR ~~~)
R_PAREN
INFIX
(INT 3)
COLON_SPACED
L_PAREN
R_PAREN
COMMA
L_PAREN
R_PAREN
ARROW
L_PAREN
R_PAREN
R_BRACE
IMPORT
(UPPER_NAME Std)
PERIOD
(UPPER_NAME Prelude)
PERIOD
L_PAREN
L_PAREN
(OPERATOR *)
R_PAREN
COMMA
L_PAREN
(OPERATOR ==)
R_PAREN
COMMA
(UPPER_NAME List)
COMMA
L_PAREN
(OPERATOR ::)
R_PAREN
COMMA
(UPPER_NAME Nil)
R_PAREN
MODULE
(UPPER_NAME Arith)
EQUALS
L_BRACE
IMPORT
(UPPER_NAME Std)
PERIOD
(UPPER_NAME Prelude)
PERIOD
L_PAREN
L_PAREN
(OPERATOR +)
R_PAREN
COMMA
(LOWER_NAME mod)
R_PAREN
R_BRACE
LET
(LOWER_NAME true)
EQUALS
(UPPER_NAME Arith)
PERIOD
L_PAREN
(INT 2)
(OPERATOR +)
(INT 11)
COLON
(LOWER_NAME mod)
COLON_SPACED
(INT 3)
(OPERATOR ==)
(INT 4)
R_PAREN
LET
(LOWER_NAME four)
EQUALS
(UPPER_NAME Arith)
PERIOD
L_PAREN
(OPERATOR +)
R_PAREN
(INT 2)
(INT 2)
LET
(LOWER_NAME one)
EQUALS
(INT 5)
COLON
(UPPER_NAME Arith)
PERIOD
(LOWER_NAME mod)
COLON_SPACED
(INT 2)
LET
(LOWER_NAME left_section)
EQUALS
(UPPER_NAME Arith)
PERIOD
L_PAREN
L_PAREN
(INT 2)
(OPERATOR +)
R_PAREN
R_PAREN
LET
(LOWER_NAME right_section)
EQUALS
L_PAREN
(OPERATOR *)
(INT 5)
R_PAREN
LET
(LOWER_NAME unicode_my_dudes)
EQUALS
L_PAREN
(STRING damn)
(OPERATOR ::)
(STRING ok)
(OPERATOR ::)
(UPPER_NAME Nil)
R_PAREN
(OPERATOR "\195\151")
L_PAREN
(STRING cartesian)
(OPERATOR ::)
(STRING product)
(OPERATOR ::)
(STRING maybe?)
(OPERATOR ::)
(UPPER_NAME Nil)
R_PAREN
LET
L_PAREN
(OPERATOR ~~~)
R_PAREN
INFIX
(INT 3)
L_PAREN
R_PAREN
L_PAREN
R_PAREN
EQUALS
L_PAREN
R_PAREN
LET
L_PAREN
(OPERATOR "\195\151")
R_PAREN
(LOWER_NAME xs)
(LOWER_NAME ys)
EQUALS
(UPPER_NAME List)
PERIOD
(LOWER_NAME concat_map)
(LOWER_NAME xs)
L_PAREN
BACKSLASH
(LOWER_NAME x)
ARROW
(UPPER_NAME List)
PERIOD
(LOWER_NAME map)
(LOWER_NAME ys)
L_PAREN
BACKSLASH
(LOWER_NAME y)
ARROW
L_PAREN
(LOWER_NAME x)
COMMA
(LOWER_NAME y)
R_PAREN
R_PAREN
R_PAREN
IMPORT
(UPPER_NAME Std)
PERIOD
(UPPER_NAME Prelude)
PERIOD
L_PAREN
L_PAREN
(OPERATOR ";")
R_PAREN
COMMA
(LOWER_NAME print)
COMMA
L_PAREN
(OPERATOR ++)
R_PAREN
COMMA
(UPPER_NAME Int)
COMMA
(UPPER_NAME Bool)
R_PAREN
LET
UNDERSCORE
EQUALS
(UPPER_NAME List)
PERIOD
(LOWER_NAME map)
(LOWER_NAME unicode_my_dudes)
L_PAREN
BACKSLASH
L_PAREN
(LOWER_NAME x)
COMMA
(LOWER_NAME y)
R_PAREN
ARROW
(LOWER_NAME print)
(LOWER_NAME x)
(OPERATOR ";")
(LOWER_NAME print)
(LOWER_NAME y)
R_PAREN
LET
L_PAREN
R_PAREN
EQUALS
(LOWER_NAME print)
L_PAREN
(STRING "true = ")
(OPERATOR ++)
(UPPER_NAME Bool)
PERIOD
(LOWER_NAME to_string)
(LOWER_NAME true)
R_PAREN
LET
L_PAREN
R_PAREN
EQUALS
(LOWER_NAME print)
L_PAREN
(STRING "four = ")
(OPERATOR ++)
(UPPER_NAME Int)
PERIOD
(LOWER_NAME to_string)
(LOWER_NAME four)
R_PAREN
EOF
