FILE_MODULE
L_BRACE
MODULE
(UPPER_NAME Std)
COLON_SPACED
L_BRACE
MODULE
(UPPER_NAME Prelude)
COLON_SPACED
L_BRACE
MODULE
(UPPER_NAME List)
COLON_SPACED
L_BRACE
TYPE
(UPPER_NAME List)
(LOWER_NAME a)
EQUALS
(UPPER_NAME Option)
L_PAREN
(LOWER_NAME a)
COMMA
(UPPER_NAME Prelude)
PERIOD
(UPPER_NAME List)
(LOWER_NAME a)
R_PAREN
VAL
(LOWER_NAME to_list)
COLON_SPACED
(UPPER_NAME List)
(LOWER_NAME a)
ARROW
(UPPER_NAME Std)
PERIOD
(UPPER_NAME Prelude)
PERIOD
(UPPER_NAME List)
(LOWER_NAME a)
R_BRACE
R_BRACE
R_BRACE
R_BRACE
MODULE
(UPPER_NAME Std)
EQUALS
L_BRACE
MODULE
(UPPER_NAME Prelude)
EQUALS
L_BRACE
MODULE
(UPPER_NAME List)
EQUALS
L_BRACE
LET
(LOWER_NAME to_list)
(LOWER_NAME x)
EQUALS
(LOWER_NAME x)
R_BRACE
R_BRACE
R_BRACE
EOF
