EFFECT
(UPPER_NAME State)
(LOWER_NAME a)
EQUALS
L_BRACE
VAL
(LOWER_NAME get)
COLON_SPACED
L_PAREN
R_PAREN
ARROW
(LOWER_NAME a)
VAL
(LOWER_NAME set)
COLON_SPACED
(LOWER_NAME a)
ARROW
L_PAREN
R_PAREN
R_BRACE
LET
(LOWER_NAME handle_state)
(LOWER_NAME init)
(LOWER_NAME f)
EQUALS
L_PAREN
HANDLE
(LOWER_NAME f)
L_PAREN
R_PAREN
PIPE
(LOWER_NAME x)
ARROW
L_PAREN
BACKSLASH
(LOWER_NAME s)
ARROW
L_PAREN
(LOWER_NAME s)
COMMA
(LOWER_NAME x)
R_PAREN
R_PAREN
PIPE
LESS_THAN
(LOWER_NAME get)
L_PAREN
R_PAREN
GREATER_THAN
ARROW
L_PAREN
BACKSLASH
(LOWER_NAME s)
ARROW
L_PAREN
RESUME
(LOWER_NAME s)
R_PAREN
(LOWER_NAME s)
R_PAREN
PIPE
LESS_THAN
(LOWER_NAME set)
(LOWER_NAME s)
GREATER_THAN
ARROW
L_PAREN
BACKSLASH
UNDERSCORE
ARROW
L_PAREN
RESUME
L_PAREN
R_PAREN
R_PAREN
(LOWER_NAME s)
R_PAREN
R_PAREN
(LOWER_NAME init)
EOF
