LET
(LOWER_NAME c)
EQUALS
(CHAR a)
LINE_SEP
LET
(LOWER_NAME hello)
EQUALS
(STRING "hello world!")
LINE_SEP
LET
(LOWER_NAME spacing)
EQUALS
(STRING  "line 1\r\
        \n\t line 2")
LINE_SEP
LET
(LOWER_NAME dec_code_exclam)
EQUALS
(STRING !)
LINE_SEP
VAL
L_PAREN
(OPERATOR ++)
R_PAREN
COLON_SPACED
(UPPER_NAME String)
COMMA
(UPPER_NAME String)
ARROW
(UPPER_NAME String)
LINE_SEP
LET
UNDERSCORE
EQUALS
(STRING "hello\n")
(OPERATOR ++)
(STRING "\bworld!")
LINE_SEP
LET
L_PAREN
(LOWER_NAME a)
COMMA
(LOWER_NAME b)
R_PAREN
EQUALS
INDENT
LET
(LOWER_NAME empty)
EQUALS
(STRING "")
LINE_SEP
L_PAREN
(CHAR a)
COMMA
(CHAR b)
R_PAREN
DEDENT
LET
(LOWER_NAME _UNICODE_WORKS_TOO)
EQUALS
(STRING "\227\130\184\227\130\167\227\131\188\227\131\160\227\130\186")
EOF
