IMPORT
(UPPER_NAME Date)
TRAIT
(UPPER_NAME Eq)
(LOWER_NAME a)
COLON_SPACED
L_BRACE
VAL
L_PAREN
(OPERATOR ==)
R_PAREN
COLON_SPACED
(LOWER_NAME a)
COMMA
(LOWER_NAME a)
ARROW
(UPPER_NAME Bool)
R_BRACE
TYPE
(UPPER_NAME Person)
EQUALS
L_BRACE
(LOWER_NAME name)
COLON_SPACED
(UPPER_NAME String)
COMMA
(LOWER_NAME dob)
COLON_SPACED
(UPPER_NAME Date)
R_BRACE
LET
L_PAREN
(LOWER_NAME p)
COLON_SPACED
(UPPER_NAME Person)
R_PAREN
EQUALS
L_BRACE
(LOWER_NAME name)
EQUALS
(STRING Bob)
COMMA
(LOWER_NAME dob)
EQUALS
(UPPER_NAME Date)
PERIOD
(LOWER_NAME of_string)
(STRING 2020-10-11)
COMMA
R_BRACE
IMPL
(UPPER_NAME Eq)
(UPPER_NAME Person)
EQUALS
L_BRACE
LET
L_PAREN
(OPERATOR ==)
R_PAREN
(LOWER_NAME p1)
(LOWER_NAME p2)
EQUALS
(LOWER_NAME p1)
PERIOD
(LOWER_NAME name)
(OPERATOR ==)
(LOWER_NAME p2)
PERIOD
(LOWER_NAME name)
(OPERATOR &&)
(LOWER_NAME p1)
PERIOD
(LOWER_NAME dob)
(OPERATOR ==)
(LOWER_NAME p2)
PERIOD
(LOWER_NAME dob)
R_BRACE
IMPL
L_PAREN
(UPPER_NAME Eq)
(LOWER_NAME a)
COMMA
(UPPER_NAME Eq)
(LOWER_NAME b)
R_PAREN
FAT_ARROW
(UPPER_NAME Eq)
L_PAREN
(LOWER_NAME a)
COMMA
(LOWER_NAME b)
R_PAREN
EQUALS
L_BRACE
LET
L_PAREN
(OPERATOR ==)
R_PAREN
L_PAREN
(LOWER_NAME a)
COMMA
(LOWER_NAME b)
R_PAREN
L_PAREN
(LOWER_NAME c)
COMMA
(LOWER_NAME d)
R_PAREN
EQUALS
(LOWER_NAME a)
(OPERATOR ==)
(LOWER_NAME c)
(OPERATOR &&)
(LOWER_NAME b)
(OPERATOR ==)
(LOWER_NAME d)
R_BRACE
LET
(LOWER_NAME _x)
EQUALS
L_PAREN
(INT 1)
COMMA
(INT 2)
R_PAREN
LET
(LOWER_NAME _y)
EQUALS
L_PAREN
(INT 1)
COMMA
(INT 2)
R_PAREN
LET
L_PAREN
R_PAREN
EQUALS
(LOWER_NAME assert)
L_PAREN
L_PAREN
(LOWER_NAME _x)
COMMA
(LOWER_NAME _x)
R_PAREN
(OPERATOR ==)
L_PAREN
(LOWER_NAME _y)
COMMA
(LOWER_NAME _y)
COMMA
R_PAREN
R_PAREN
EOF
