(Classics ()
 ((Let (rec_ true)
   (bindings
    (((Catch_all (fact))
      ((Lambda ((Catch_all ("")))
        (Match (Name Classics.) ((Type_app Int ()) ())
         (((Union (Constant (Int 0)) (Constant (Int 1))) (Literal (Int 1)))
          ((Catch_all (n))
           (Fun_call (Name Std.Prelude.Operators.*)
            ((Function
              ((Type_app Std.Prelude.Int.Int ())
               (Type_app Std.Prelude.Int.Int ()))
              (Effect_union ()) (Type_app Std.Prelude.Int.Int ()))
             ())
            (((Name Classics.n) ((Type_app Int ()) ()))
             ((Fun_call (Name Classics.fact)
               ((Function ((Type_app Int ())) (Effect_union ())
                 (Type_app Int ()))
                ())
               (((Fun_call (Name Std.Prelude.Operators.-)
                  ((Function
                    ((Type_app Std.Prelude.Int.Int ())
                     (Type_app Std.Prelude.Int.Int ()))
                    (Effect_union ()) (Type_app Std.Prelude.Int.Int ()))
                   ())
                  (((Name Classics.n) ((Type_app Int ()) ()))
                   ((Literal (Int 1)) ((Type_app Int ()) ()))))
                 ((Type_app Int ()) ()))))
              ((Type_app Int ()) ()))))))))
       ((Function ((Type_app Int ())) (Effect_union ()) (Type_app Int ()))
        ()))))))
  (Let (rec_ true)
   (bindings
    (((Catch_all (fib))
      ((Lambda ((Catch_all (n)))
        (Match (Name Classics.n) ((Type_app Int ()) ())
         (((Union (Constant (Int 0)) (Constant (Int 1))) (Literal (Int 1)))
          ((Catch_all (n))
           (Fun_call (Name Std.Prelude.Operators.+)
            ((Function
              ((Type_app Std.Prelude.Int.Int ())
               (Type_app Std.Prelude.Int.Int ()))
              (Effect_union ()) (Type_app Std.Prelude.Int.Int ()))
             ())
            (((Fun_call (Name Classics.fib)
               ((Function ((Type_app Int ())) (Effect_union ())
                 (Type_app Int ()))
                ())
               (((Fun_call (Name Std.Prelude.Operators.-)
                  ((Function
                    ((Type_app Std.Prelude.Int.Int ())
                     (Type_app Std.Prelude.Int.Int ()))
                    (Effect_union ()) (Type_app Std.Prelude.Int.Int ()))
                   ())
                  (((Name Classics.n) ((Type_app Int ()) ()))
                   ((Literal (Int 1)) ((Type_app Int ()) ()))))
                 ((Type_app Int ()) ()))))
              ((Type_app Int ()) ()))
             ((Fun_call (Name Classics.fib)
               ((Function ((Type_app Int ())) (Effect_union ())
                 (Type_app Int ()))
                ())
               (((Fun_call (Name Std.Prelude.Operators.-)
                  ((Function
                    ((Type_app Std.Prelude.Int.Int ())
                     (Type_app Std.Prelude.Int.Int ()))
                    (Effect_union ()) (Type_app Std.Prelude.Int.Int ()))
                   ())
                  (((Name Classics.n) ((Type_app Int ()) ()))
                   ((Literal (Int 2)) ((Type_app Int ()) ()))))
                 ((Type_app Int ()) ()))))
              ((Type_app Int ()) ()))))))))
       ((Function ((Type_app Int ())) (Effect_union ()) (Type_app Int ()))
        ()))))))
  (Let (rec_ false)
   (bindings
    (((Tuple ())
      ((Fun_call (Name "Std.Prelude.Operators.;")
        ((Function ((Tuple ()) (Tuple ())) (Effect_union ()) (Tuple ())) ())
        (((Fun_call (Name "Std.Prelude.Operators.;")
           ((Function ((Tuple ()) (Tuple ())) (Effect_union ()) (Tuple ()))
            ())
           (((Fun_call (Name Std.Prelude.print)
              ((Function ((Type_app String ())) (Effect_union ()) (Tuple ()))
               ())
              (((Literal (String "5! is:")) ((Type_app String ()) ()))))
             ((Tuple ()) ()))
            ((Fun_call (Name Std.Prelude.print_int)
              ((Function ((Type_app Std.Prelude.Int.Int ()))
                (Effect_union ()) (Tuple ()))
               ())
              (((Fun_call (Name Classics.fact)
                 ((Function ((Type_app Int ())) (Effect_union ())
                   (Type_app Int ()))
                  ())
                 (((Literal (Int 5)) ((Type_app Int ()) ()))))
                ((Type_app Int ()) ()))))
             ((Tuple ()) ()))))
          ((Tuple ()) ()))
         ((Fun_call (Name Std.Prelude.print)
           ((Function ((Type_app String ())) (Effect_union ()) (Tuple ()))
            ())
           (((Literal (String "")) ((Type_app String ()) ()))))
          ((Tuple ()) ()))))
       ((Tuple ()) ()))))))))
