(Effects ()
 ((Common_def
   (Effect Read
    ((params ())
     (operations
      ((((name ask) (args ((Tuple ())))
         (result (Type_app Std.Prelude.Int.Int ())))))))))
  (Common_def
   (Val read ()
    (()
     ((Function ((Tuple ())) (Effect Effects.Read ())
       (Type_app Std.Prelude.Int.Int ()))
      ()))))
  (Let (rec_ false)
   (bindings
    (((Catch_all (read))
      ((Name Effects.ask)
       ((Function ((Tuple ())) (Effect Effects.Read ())
         (Type_app Std.Prelude.Int.Int ()))
        ()))))))
  (Let (rec_ false)
   (bindings
    (((Catch_all (read_and_add))
      ((Lambda ((Tuple ()))
        (Fun_call (Name Std.Prelude.Operators.+)
         ((Function
           ((Type_app Std.Prelude.Int.Int ())
            (Type_app Std.Prelude.Int.Int ()))
           (Effect_union ()) (Type_app Std.Prelude.Int.Int ()))
          ())
         (((Fun_call (Name Effects.ask)
            ((Function ((Tuple ())) (Effect Effects.Read ())
              (Type_app Std.Prelude.Int.Int ()))
             ())
            (((Tuple ()) ((Tuple ()) ()))))
           ((Type_app Std.Prelude.Int.Int ()) ()))
          ((Fun_call (Name Effects.ask)
            ((Function ((Tuple ())) (Effect Effects.Read ())
              (Type_app Std.Prelude.Int.Int ()))
             ())
            (((Tuple ()) ((Tuple ()) ()))))
           ((Type_app Std.Prelude.Int.Int ()) ())))))
       ((Function ((Tuple ())) (Effect Effects.Read ())
         (Type_app Std.Prelude.Int.Int ()))
        ()))))))))
