("Compilation error"
 ((kind Type_error)
  (msg
   ("Function argument number mismatch"
    (subtype
     (Function ((Type_app Int ()) (Type_app Int ()))
      ((effects ()) (effect_var ())) (Type_app Int ())))
    (supertype
     (Function ((Type_app Int ())) ((effects ()) (effect_var (a))) (Var b)))))
  (filename ErrorPartialApplication.um) (span 17:9-17:24)))
