("Compilation error"
 ((kind Type_error)
  (msg
   ("The signature of this module does not match its definition"
    (module_name ErrorIncompatibleSig)
    ((name_diff ((missing_function Missing_from_def)))
     (type_diff
      ((T
        (Incompatible (() (Alias (Type_app Int ())))
         (() (Alias (Type_app String ())))))
       (Weather
        (Incompatible (() (Variants ((Rainy ()) (Sunny ()))))
         (() (Variants ((Rainy ()))))))
       (BadRename
        (Incompatible
         ((a b) (Alias (Function ((Var a)) (Effect_union ()) (Var b))))
         ((a b) (Alias (Function ((Var a)) (Effect_union ()) (Var a))))))
       (LessGeneral
        (Incompatible
         ((a)
          (Alias
           (Function ((Type_app Int ())) (Effect_union ()) (Type_app Int ()))))
         ((a) (Alias (Function ((Var a)) (Effect_union ()) (Var a))))))
       (MoreGeneral
        (Incompatible
         ((a) (Alias (Function ((Var a)) (Effect_union ()) (Var a))))
         ((a)
          (Alias
           (Function ((Type_app Int ())) (Effect_union ()) (Type_app Int ()))))))
       (DifferentArity
        (Incompatible ((a) Abstract) (() (Alias (Type_app String ())))))))
     (module_diff
      ((A
        (Module_diff
         ((name_diff
           ((a
             (Incompatible
              ((type_ (Scheme ((Type_app ErrorIncompatibleSig.A.A ()) ()))))
              ((type_ (Scheme ((Type_app String ()) ())))
               (type_source Let_inferred)))))))))
       (MissingModule Missing_module))))))
  (filename ErrorIncompatibleSig.um)))
