("Compilation error"
 ((kind Type_error)
  (msg
   ("The signature of this module does not match its definition"
    (module_name Village)
    ((name_diff
      ((bark
        (Incompatible
         ((type_
           (Scheme
            ((Function ((Type_app ErrorSubmoduleSignatures.Village.Dog ()))
              (Effect_union ())
              (Type_app ErrorSubmoduleSignatures.Village.Dog ()))
             ()))))
         ((type_
           (Scheme
            ((Function ((Type_app String ())) (Effect_union ())
              (Type_app String ()))
             ())))
          (type_source Let_inferred))))))
     (type_diff ()) (module_diff ()))))
  (filename ErrorSubmoduleSignatures.um) (span 1:1-13:2)))
