("Compilation error"
 ((kind Type_error)
  (msg
   ("The signature of this module does not match its definition"
    (module_name ErrorIncompatibleSig)
    ((name_diff ((missing_function Missing_from_def)))
     (type_diff
      ((T
        (Incompatible (() (Alias (Type_app ErrorIncompatibleSig.Int ())))
         (() (Alias (Type_app String ())))))
       (Weather
        (Incompatible (() (Variants ((Rainy ()) (Sunny ()))))
         (() (Variants ((Rainy ()))))))
       (BadRename
        (Incompatible ((a b) (Alias (Function ((Var a)) (Var b))))
         ((a b) (Alias (Function ((Var a)) (Var a))))))
       (LessGeneral
        (Incompatible
         ((a)
          (Alias
           (Function ((Type_app ErrorIncompatibleSig.Int ()))
            (Type_app ErrorIncompatibleSig.Int ()))))
         ((a) (Alias (Function ((Var a)) (Var a))))))
       (MoreGeneral
        (Incompatible ((a) (Alias (Function ((Var a)) (Var a))))
         ((a)
          (Alias
           (Function ((Type_app ErrorIncompatibleSig.Int ()))
            (Type_app ErrorIncompatibleSig.Int ()))))))
       (DifferentArity
        (Incompatible ((a) Abstract) (() (Alias (Type_app String ())))))))
     (module_diff
      ((A
        (Module_diff
         ((name_diff
           ((a
             (Incompatible
              ((typ (Scheme (Type_app ErrorIncompatibleSig.A.A ()))))
              ((typ (Scheme (Type_app String ())))
               (type_source Let_inferred))))))
          (type_diff ()) (module_diff ()))))
       (MissingModule Missing_module))))))
  (filename ErrorIncompatibleSig.um)))
