(LetPattern ()
 ((Let (rec_ false)
   (bindings (((Catch_all (catch_all)) ((Name False) (Type_app Bool ()))))))
  (Common_def
   (Type_decl Thing
    (()
     (Variants
      ((Thing1 ((Type_app LetPattern.Int ())))
       (Thing2 ((Type_app LetPattern.Int ()))))))))
  (Let (rec_ false)
   (bindings
    (((Union (Cnstr_appl LetPattern.Thing1 ((Catch_all (one))))
       (Cnstr_appl LetPattern.Thing2 ((Catch_all (one)))))
      ((Fun_call (Name LetPattern.Thing1)
        (((Literal (Int 1)) (Type_app Int ()))))
       (Type_app LetPattern.Thing ()))))))
  (Let (rec_ false)
   (bindings
    (((Catch_all (make_thing))
      ((Lambda ((Catch_all ("")))
        (Match (Name LetPattern.) (Type_app Int ())
         (((Constant (Int 1))
           (Fun_call (Name LetPattern.Thing1)
            (((Literal (Int 1)) (Type_app Int ())))))
          ((Constant (Int 2))
           (Fun_call (Name LetPattern.Thing2)
            (((Literal (Int 2)) (Type_app Int ())))))
          ((Catch_all (n))
           (Fun_call (Name LetPattern.Thing1)
            (((Name LetPattern.n) (Type_app Int ()))))))))
       (Function ((Type_app Int ())) (Type_app LetPattern.Thing ())))))))
  (Let (rec_ false)
   (bindings
    (((Union (Cnstr_appl LetPattern.Thing1 ((Catch_all (n))))
       (Cnstr_appl LetPattern.Thing2 ((Catch_all (n)))))
      ((Fun_call (Name LetPattern.make_thing)
        (((Literal (Int 7)) (Type_app Int ()))))
       (Type_app LetPattern.Thing ()))))))
  (Common_def
   (Type_decl Triple
    ((a b c) (Variants ((Triple ((Var a) (Var b) (Var c))))))))
  (Let (rec_ false)
   (bindings
    (((Catch_all ())
      ((Fun_call (Name LetPattern.Triple)
        (((Literal (String s)) (Type_app String ()))
         ((Literal (Int 1)) (Type_app Int ()))
         ((Literal (Int 2)) (Type_app Int ()))))
       (Type_app LetPattern.Triple
        ((Type_app String ()) (Type_app Int ()) (Type_app Int ()))))))))
  (Let (rec_ false)
   (bindings
    (((Catch_all ())
      ((Tuple ((Literal (String s')) (Literal (Int -1)) (Literal (Int -2))))
       (Tuple ((Type_app String ()) (Type_app Int ()) (Type_app Int ()))))))))
  (Let (rec_ false)
   (bindings
    (((Union
       (Cnstr_appl LetPattern.Triple
        ((Catch_all (x)) (Constant (Int 5)) (Catch_all (y))))
       (Cnstr_appl LetPattern.Triple
        ((Catch_all (x)) (Catch_all (y)) (Constant (Int 5)))))
      ((Fun_call (Name LetPattern.Triple)
        (((Literal (String "Weird stuff")) (Type_app String ()))
         ((Literal (Int 5)) (Type_app Int ()))
         ((Literal (Int 7)) (Type_app Int ()))))
       (Type_app LetPattern.Triple
        ((Type_app String ()) (Type_app Int ()) (Type_app Int ()))))))))
  (Let (rec_ false)
   (bindings
    (((Union (Tuple ((Catch_all (u)) (Constant (Int -5)) (Catch_all (v))))
       (Tuple ((Catch_all (u)) (Catch_all (v)) (Constant (Int -20)))))
      ((Tuple
        ((Literal (String "Weird tuples")) (Literal (Int 0))
         (Literal (Int 1))))
       (Tuple ((Type_app String ()) (Type_app Int ()) (Type_app Int ()))))))))
  (Let (rec_ false)
   (bindings
    (((Catch_all (a))
      ((Name LetPattern.ANewThing) (Type_app LetPattern.NewThing ()))))))
  (Common_def (Val a () (() (Type_app LetPattern.NewThing ()))))
  (Common_def (Type_decl NewThing (() (Variants ((ANewThing ()))))))))
