(ModuleSig ()
 ((Module
   (Range
    ((Common_sig (Type_decl Range (() Abstract)))
     (Common_sig
      (Val between ()
       (()
        (Function ((Type_app Int ()) (Type_app Int ()))
         (Type_app ModuleSig.Range.Range ())))))
     (Common_sig
      (Val elem ()
       (()
        (Function ((Type_app Int ()) (Type_app ModuleSig.Range.Range ()))
         (Type_app Bool ()))))))
    ((Common_def
      (Type_decl Range
       (() (Alias (Tuple ((Type_app Int ()) (Type_app Int ())))))))
     (Let (rec_ false)
      (bindings
       (((Catch_all (between))
         ((Lambda ((Catch_all (lo)) (Catch_all (hi)))
           (Tuple ((Name ModuleSig.Range.lo) (Name ModuleSig.Range.hi))))
          (Function ((Var a) (Var b)) (Tuple ((Var a) (Var b)))))))))
     (Let (rec_ false)
      (bindings
       (((Catch_all (elem))
         ((Lambda
           ((Catch_all (x)) (Tuple ((Catch_all (lo)) (Catch_all (hi)))))
           (Fun_call (Name Std.Prelude.Operators.&&)
            (((Fun_call (Name Std.Prelude.Operators.<=)
               (((Name ModuleSig.Range.lo) (Var a))
                ((Name ModuleSig.Range.x) (Var a))))
              (Type_app Bool ()))
             ((Fun_call (Name Std.Prelude.Operators.<=)
               (((Name ModuleSig.Range.x) (Var a))
                ((Name ModuleSig.Range.hi) (Var a))))
              (Type_app Bool ())))))
          (Function ((Var a) (Tuple ((Var a) (Var a)))) (Type_app Bool ()))))))))))
  (Let (rec_ false)
   (bindings
    (((Catch_all (my_range))
      ((Fun_call (Name ModuleSig.Range.between)
        (((Literal (Int 1)) (Type_app Int ()))
         ((Literal (Int 10)) (Type_app Int ()))))
       (Type_app ModuleSig.Range.Range ()))))))
  (Let (rec_ false)
   (bindings
    (((Catch_all (is_10_in_range))
      ((Fun_call (Name ModuleSig.Range.elem)
        (((Literal (Int 10)) (Type_app Int ()))
         ((Name ModuleSig.my_range) (Type_app ModuleSig.Range.Range ()))))
       (Type_app Bool ()))))))
  (Let (rec_ false)
   (bindings
    (((Tuple ())
      ((Fun_call (Name "Std.Prelude.Operators.;")
        (((Fun_call (Name Std.Prelude.print_bool)
           (((Name ModuleSig.is_10_in_range) (Type_app Bool ()))))
          (Tuple ()))
         ((Fun_call (Name Std.Prelude.print)
           (((Literal (String "")) (Type_app String ()))))
          (Tuple ()))))
       (Tuple ()))))))))
