module Range : {
  type Range
  
  val between : Int, Int -> Range
  
  val elem : Int, Range -> Bool
} = {
  type Range = (Int, Int)
  
  let between : a, b -> (a, b) = \lo hi -> (lo, hi)
  
  let elem : (a & b), (a, b) -> Bool =
    \x (lo, hi) -> (lo <= x : Bool) && (x <= hi : Bool) : Bool
}

let my_range : Range = Range.between 1 10

let is_10_in_range : Bool = Range.elem 10 my_range

let () =
  print_bool is_10_in_range;
  print ""
