module : {
  effect Abstract
  
  val more_effects_in_sig : Int -> <Abstract> Int
  
  val equivalent_with_different_vars : (() -> <e1> ()), (() -> <e2> ()) -> <e1, e2> ()
}

effect Abstract

let more_effects_in_sig : a -> a = \x -> x

let equivalent_with_different_vars : (() -> <a> ()), (() -> <a> ()) -> <a> () =
  \f g ->
    f ();
    g ()
