(SignatureCompatibility
 ((Common_sig (Val id () (() (Function ((Var b)) (Var b)))))
  (Common_sig
   (Type_decl Foo ((a b) (Variants ((Bar ((Var a))) (Baz ((Var b))))))))
  (Common_sig (Type_decl Tuple ((a b) (Alias (Tuple ((Var a) (Var b))))))))
 ((Common_def (Val id () (() (Function ((Var a)) (Var a)))))
  (Let (rec_ false)
   (bindings
    (((Catch_all (id))
      ((Lambda ((Catch_all (x))) (Name x)) (Function ((Var a)) (Var a)))))))
  (Common_def
   (Type_decl Foo ((b a) (Variants ((Bar ((Var b))) (Baz ((Var a))))))))
  (Common_def (Type_decl Tuple ((a a) (Alias (Tuple ((Var a) (Var a)))))))))
