(TypeModuleNamePunning ()
 ((Module
   (Foo ()
    ((Common_def
      (Type_decl Foo (() (Alias (Type_app Std.Prelude.Int.Int ())))))
     (Module
      (Foo ()
       ((Common_def
         (Type_decl Foo (() (Alias (Type_app Std.Prelude.Float.Float ())))))
        (Module
         (Foo ()
          ((Common_def (Type_decl Foo (() (Alias (Type_app String ()))))))))))))))
  (Let (rec_ false)
   (bindings
    (((Catch_all (int))
      ((Literal (Int 5)) (Type_app TypeModuleNamePunning.Foo ()))))))
  (Let (rec_ false)
   (bindings
    (((Catch_all (int'))
      ((Literal (Int 5)) (Type_app TypeModuleNamePunning.Foo.Foo ()))))))
  (Let (rec_ false)
   (bindings
    (((Catch_all (float))
      ((Literal (Float 5)) (Type_app TypeModuleNamePunning.Foo.Foo.Foo ()))))))
  (Let (rec_ false)
   (bindings
    (((Catch_all (string))
      ((Literal (String 5))
       (Type_app TypeModuleNamePunning.Foo.Foo.Foo.Foo ()))))))))
