let () = print "plain"

let fun_call : () -> (() -> ()) = \() -> (\() -> print "fun call") : () -> ()

let () = (fun_call () : () -> ()) ()

let print_twice : String -> () =
  \msg ->
    print msg;
    print msg

let if_ : () =
  ((match True
  | True -> print_twice
  | False -> print)
    : String -> ())
    "if"

let () =
  (let' () = () in
  print)
    "let"
