(WeirdFunCalls ()
 ((Let (rec_ false)
   (bindings
    (((Tuple ())
      ((Fun_call (Name print)
        (((Literal (String plain)) (Type_app String ()))))
       (Tuple ()))))))
  (Let (rec_ false)
   (bindings
    (((Catch_all (fun_call))
      ((Lambda ((Tuple ()))
        (Lambda ((Tuple ()))
         (Fun_call (Name print)
          (((Literal (String "fun call")) (Type_app String ()))))))
       (Function ((Tuple ())) (Function ((Tuple ())) (Tuple ()))))))))
  (Let (rec_ false)
   (bindings
    (((Tuple ())
      ((Fun_call (Fun_call (Name fun_call) (((Tuple ()) (Tuple ()))))
        (((Tuple ()) (Tuple ()))))
       (Tuple ()))))))
  (Let (rec_ false)
   (bindings
    (((Catch_all (print_twice))
      ((Lambda ((Catch_all (msg)))
        (Fun_call (Name ";")
         (((Fun_call (Name print) (((Name msg) (Type_app String ()))))
           (Tuple ()))
          ((Fun_call (Name print) (((Name msg) (Type_app String ()))))
           (Tuple ())))))
       (Function ((Type_app String ())) (Tuple ())))))))
  (Let (rec_ false)
   (bindings
    (((Catch_all (if_))
      ((Fun_call
        (Match (Name True) (Type_app Bool ())
         (((Cnstr_appl True ()) (Name print_twice))
          ((Cnstr_appl False ()) (Name print))))
        (((Literal (String if)) (Type_app String ()))))
       (Tuple ()))))))
  (Let (rec_ false)
   (bindings
    (((Tuple ())
      ((Fun_call
        (Let
         ((rec_ false) (bindings ((((Tuple ()) (Tuple ())) (Tuple ()))))
          (body (Name print))))
        (((Literal (String let)) (Type_app String ()))))
       (Tuple ()))))))))
