((Extern_decl ((name umber_lt) (arity 2)))
 (Extern_decl ((name umber_int_add) (arity 2)))
 (Fun_def
  ((fun_name Closures.loop)
   (closed_over (Closures.count_by Closures.end_after))
   (args (Closures.current))
   (body
    (Let match
     (Fun_call umber_lt ((Name Closures.current) (Name Closures.end_after)))
     (Cond_assign (conds (((Constant_tag_equals (Name match) 1) ())))
      (body
       (Fun_call Closures.loop
        ((Fun_call umber_int_add
          ((Name Closures.current) (Name Closures.count_by))))))
      (if_none_matched (Otherwise (Name Closures.current))))))))
 (Fun_def
  ((fun_name Closures.count_up)
   (args (Closures.start_at Closures.count_by Closures.end_after))
   (body (Fun_call Closures.loop ((Name Closures.start_at)))))))
