((Value_def ErrorSubmoduleSignatures.Village.Corgie (Make_block (tag 0)))
 (Value_def ErrorSubmoduleSignatures.Village.GoldenRetriever
  (Make_block (tag 1)))
 (Value_def ErrorSubmoduleSignatures.Village.Samoyed (Make_block (tag 2)))
 (Fun_def
  ((fun_name ErrorSubmoduleSignatures.Village.honk)
   (args (ErrorSubmoduleSignatures.Village.goose))
   (body (Name ErrorSubmoduleSignatures.Village.goose))))
 (Fun_decl ((name Std.Prelude.Operators.++) (arity 2)))
 (Fun_def
  ((fun_name ErrorSubmoduleSignatures.Village.bark)
   (args (ErrorSubmoduleSignatures.Village.dog))
   (body
    (Fun_call Std.Prelude.Operators.++
     ((Name ErrorSubmoduleSignatures.Village.dog)
      (Primitive (String " says woof!"))))))))
