((Fun_decl ((name Std.Prelude.List.Nil) (arity 0)))
 (Fun_def
  ((fun_name ErrorInconsistentValType.map)
   (args (ErrorInconsistentValType.xs.1 ErrorInconsistentValType.f.1))
   (body
    (Cond_assign
     (conds
      (((Constant_tag_equals (Name ErrorInconsistentValType.xs.1) 0) ())))
     (body (Name Std.Prelude.List.Nil))
     (if_none_matched
      (Otherwise
       (Let ErrorInconsistentValType.xs.2
        (Get_block_field 1 (Name ErrorInconsistentValType.xs.1))
        (Let ErrorInconsistentValType.x.1
         (Get_block_field 0 (Name ErrorInconsistentValType.xs.1))
         (Make_block (tag 0)
          (fields
           ((Fun_call ErrorInconsistentValType.f.1
             ((Name ErrorInconsistentValType.x.1)))
            (Fun_call ErrorInconsistentValType.map
             ((Name ErrorInconsistentValType.xs.2)
              (Name ErrorInconsistentValType.f.1)))))))))))))))
