((Fun_def
  ((fun_name Functions.id.0) (args (Functions.x.0))
   (body (Name Functions.x.0))))
 (Value_def Functions.zero.0 (Primitive (Float 0)))
 (Value_def Functions.still_zero_wow.0
  (Fun_call Functions.id.0 ((Name Functions.zero.0))))
 (Extern_decl ((name umber_int_mul) (arity 2)))
 (Fun_def
  ((fun_name Functions.sqr.0) (args (Functions.x.1))
   (body
    (Fun_call umber_int_mul ((Name Functions.x.1) (Name Functions.x.1)))))))
