((Value_def LetBindingGroups.a (Primitive (Int 1)))
 (Fun_decl ((name Std.Prelude.Operators.+) (arity 2)))
 (Fun_decl ((name Std.Prelude.Operators.-) (arity 2)))
 (Fun_decl ((name Std.Prelude.Operators.^) (arity 2)))
 (Fun_decl ((name Std.Prelude.Operators.*) (arity 2)))
 (Fun_def
  ((fun_name LetBindingGroups.fun) (args (LetBindingGroups.n.1))
   (body
    (Fun_call Std.Prelude.Operators.+
     ((Fun_call Std.Prelude.Operators.+
       ((Fun_call Std.Prelude.Operators.-
         ((Fun_call Std.Prelude.Operators.^
           ((Name LetBindingGroups.n.1) (Primitive (Int 2))))
          (Primitive (Int 2))))
        (Name LetBindingGroups.n.1)))
      (Fun_call Std.Prelude.Operators.*
       ((Fun_call Std.Prelude.Operators.*
         ((Name LetBindingGroups.n.1)
          (Fun_call Std.Prelude.Operators.-
           ((Name LetBindingGroups.n.1) (Primitive (Int 8))))))
        (Primitive (Int 5)))))))))
 (Value_def LetBindingGroups.b
  (Fun_call Std.Prelude.Operators.+
   ((Name LetBindingGroups.a) (Primitive (Int 6)))))
 (Fun_decl ((name Std.Prelude.Operators.::) (arity 2)))
 (Fun_decl ((name Std.Prelude.List.Nil) (arity 0)))
 (Fun_decl ((name Std.Prelude.Operators.||) (arity 2)))
 (Fun_decl ((name Std.Prelude.Operators.==) (arity 2)))
 (Value_def LetBindingGroups._.1
  (Let LetBindingGroups.list.1
   (Fun_call Std.Prelude.Operators.::
    ((Primitive (String a))
     (Fun_call Std.Prelude.Operators.::
      ((Primitive (String list))
       (Fun_call Std.Prelude.Operators.::
        ((Primitive (String of))
         (Fun_call Std.Prelude.Operators.::
          ((Primitive (String words)) (Name Std.Prelude.List.Nil)))))))))
   (Fun_call Std.Prelude.Operators.||
    ((Fun_call Std.Prelude.Operators.==
      ((Primitive (Int 1)) (Primitive (Int 2))))
     (Fun_call Std.Prelude.Operators.==
      ((Primitive (Int 3)) (Primitive (Int 4))))))))
 (Fun_def
  ((fun_name LetBindingGroups.go_left.1) (args (LetBindingGroups.x.1))
   (body
    (Fun_call LetBindingGroups.go_right.1 ((Name LetBindingGroups.x.1))))))
 (Fun_def
  ((fun_name LetBindingGroups.go_right.1) (args (LetBindingGroups.x.2))
   (body (Fun_call LetBindingGroups.go_left.1 ((Name LetBindingGroups.x.2))))))
 (Fun_def
  ((fun_name LetBindingGroups.bottom_again.1)
   (args (LetBindingGroups.*lambda_arg.1))
   (body (Fun_call LetBindingGroups.go_left.1 ((Primitive (Int 17)))))))
 (Value_def LetBindingGroups.bottom.1 (Name LetBindingGroups.bottom_again.1))
 (Fun_def
  ((fun_name LetBindingGroups.bottom) (args (LetBindingGroups.arg0.1))
   (body
    (Fun_call LetBindingGroups.bottom.1 ((Name LetBindingGroups.arg0.1)))))))
