((Fun_decl ((name Std.Prelude.print) (arity 1)))
 (Fun_def
  ((fun_name SelfReferentialImport.goose)
   (args (SelfReferentialImport.#lambda_arg.1))
   (body (Fun_call Std.Prelude.print ((Primitive (String Honk!)))))))
 (Value_def SelfReferentialImport.#binding.1
  (Fun_call SelfReferentialImport.goose ((Make_block (tag 0))))))
